{"level":"info","ts":1778711278.259559,"msg":"maxprocs: Leaving GOMAXPROCS=12: CPU quota undefined"}
{"level":"info","ts":1778711278.259604,"msg":"GOMEMLIMIT is updated","GOMEMLIMIT":23192823398,"previous":9223372036854775807}
{"level":"info","ts":1778711278.2596118,"msg":"using config from file","file":"Caddyfile"}
{"level":"info","ts":1778711278.259618,"msg":"adapted config to JSON","adapter":"caddyfile"}
{"level":"warn","ts":1778711278.2596219,"msg":"Caddyfile input is not formatted; run 'caddy fmt --overwrite' to fix inconsistencies","adapter":"caddyfile","file":"Caddyfile","line":2}
{"level":"info","ts":1778711278.26261,"logger":"admin","msg":"admin endpoint started","address":"localhost:2019","enforce_origin":false,"origins":["//localhost:2019","//[::1]:2019","//127.0.0.1:2019"]}
{"level":"info","ts":1778711278.262763,"logger":"http.auto_https","msg":"server is listening only on the HTTPS port but has no TLS connection policies; adding one to enable TLS","server_name":"srv0","https_port":443}
{"level":"info","ts":1778711278.262787,"logger":"http.auto_https","msg":"enabling automatic HTTP->HTTPS redirects","server_name":"srv0"}
{"level":"info","ts":1778711278.262763,"logger":"tls.cache.maintenance","msg":"started background certificate maintenance","cache":"0x18305c908480"}
{"level":"info","ts":1778711278.263077,"logger":"http","msg":"enabling HTTP/3 listener","addr":":443"}
{"level":"info","ts":1778711278.2632089,"logger":"http.log","msg":"server running","name":"srv0","protocols":["h1","h2","h3"]}
{"level":"warn","ts":1778711278.2632692,"logger":"http","msg":"HTTP/2 skipped because it requires TLS","network":"tcp","addr":":80"}
{"level":"warn","ts":1778711278.2632792,"logger":"http","msg":"HTTP/3 skipped because it requires TLS","network":"tcp","addr":":80"}
{"level":"info","ts":1778711278.263285,"logger":"http.log","msg":"server running","name":"remaining_auto_https_redirects","protocols":["h1","h2","h3"]}
{"level":"info","ts":1778711278.263294,"logger":"http","msg":"enabling automatic TLS certificate management","domains":["octor.duckdns.org"]}
{"level":"info","ts":1778711278.265326,"msg":"autosaved config (load with --resume flag)","file":"/Users/deepanshukumar/Library/Application Support/Caddy/autosave.json"}
{"level":"info","ts":1778711278.2657652,"msg":"serving initial configuration"}
Successfully started Caddy (pid=83727) - Caddy is running in the background
{"level":"info","ts":1778711278.27108,"logger":"tls","msg":"storage cleaning happened too recently; skipping for now","storage":"FileStorage:/Users/deepanshukumar/Library/Application Support/Caddy","instance":"242d776e-cb62-43b8-ba43-6eb78d765efc","try_again":1778797678.2710772,"try_again_in":86399.999999541}
{"level":"info","ts":1778711278.2713358,"logger":"tls","msg":"finished cleaning storage units"}
